<?xml version="1.0"?>
<Document>
  <Row>
    <Field>
      <FieldName pos="1">H1</FieldName>
      <FieldContent pos="1">1_1</FieldContent>
    </Field>
    <Field>
      <FieldName pos="2">H2</FieldName>
      <FieldContent pos="2">2_1</FieldContent>
    </Field>
    <Field>
      <FieldName pos="3">H3</FieldName>
      <FieldContent pos="3">3_1</FieldContent>
    </Field>
    <Field>
      <FieldName pos="4">H4</FieldName>
      <FieldContent pos="4">4_1</FieldContent>
    </Field>
    <Field>
      <FieldName pos="5">H5</FieldName>
      <FieldContent pos="5">5_1</FieldContent>
    </Field>
    <Source nametype="leafnoext">extra_columns</Source>
    <Worksheet>extra_columns</Worksheet>
  </Row>
  <Row>
    <Field>
      <FieldName pos="1">H1</FieldName>
      <FieldContent pos="1">1_2</FieldContent>
    </Field>
    <Field>
      <FieldName pos="2">H2</FieldName>
      <FieldContent pos="2">2_2</FieldContent>
    </Field>
    <Field>
      <FieldName pos="3">H3</FieldName>
      <FieldContent pos="3">3_2</FieldContent>
    </Field>
    <Field>
      <FieldName pos="4">H4</FieldName>
      <FieldContent pos="4">4_2</FieldContent>
    </Field>
    <Field>
      <FieldName pos="5">H5</FieldName>
      <FieldContent pos="5">5_2</FieldContent>
    </Field>
    <Source nametype="leafnoext">extra_columns</Source>
    <Worksheet>extra_columns</Worksheet>
  </Row>
  <Row>
    <Field>
      <FieldName pos="1">H1</FieldName>
      <FieldContent pos="1">1_3</FieldContent>
    </Field>
    <Field>
      <FieldName pos="2">H2</FieldName>
      <FieldContent pos="2">2_3</FieldContent>
    </Field>
    <Field>
      <FieldName pos="3">H3</FieldName>
      <FieldContent pos="3">3_3</FieldContent>
    </Field>
    <Field>
      <FieldName pos="4">H4</FieldName>
      <FieldContent pos="4">4_3</FieldContent>
    </Field>
    <Field>
      <FieldName pos="5">H5</FieldName>
      <FieldContent pos="5">5_3</FieldContent>
    </Field>
    <Source nametype="leafnoext">extra_columns</Source>
    <Worksheet>extra_columns</Worksheet>
  </Row>
  <Row>
    <Field>
      <FieldName pos="1">H1</FieldName>
      <FieldContent pos="1">1_4</FieldContent>
    </Field>
    <Field>
      <FieldName pos="2">H2</FieldName>
      <FieldContent pos="2">2_4</FieldContent>
    </Field>
    <Field>
      <FieldName pos="3">H3</FieldName>
      <FieldContent pos="3">3_4</FieldContent>
    </Field>
    <Field>
      <FieldName pos="4">H4</FieldName>
      <FieldContent pos="4">4_4</FieldContent>
    </Field>
    <Field>
      <FieldName pos="5">H5</FieldName>
      <FieldContent pos="5">5_4</FieldContent>
    </Field>
    <Source nametype="leafnoext">extra_columns</Source>
    <Worksheet>extra_columns</Worksheet>
  </Row>
  <Row>
    <Field>
      <FieldName pos="1">H1</FieldName>
      <FieldContent pos="1">1_5</FieldContent>
    </Field>
    <Field>
      <FieldName pos="2">H2</FieldName>
      <FieldContent pos="2">2_5</FieldContent>
    </Field>
    <Field>
      <FieldName pos="3">H3</FieldName>
      <FieldContent pos="3">3_5</FieldContent>
    </Field>
    <Field>
      <FieldName pos="4">H4</FieldName>
      <FieldContent pos="4">4_5</FieldContent>
    </Field>
    <Field>
      <FieldName pos="5">H5</FieldName>
      <FieldContent pos="5">5_5</FieldContent>
    </Field>
    <Source nametype="leafnoext">extra_columns</Source>
    <Worksheet>extra_columns</Worksheet>
  </Row>
</Document>
